// Jest Snapshot v1, https://goo.gl/fbAQLP

exports[`Custom Select Input should match snapshot 1`] = `
<div>
  <div>
    <div
      aria-expanded="false"
      aria-haspopup="listbox"
      class="arrowSelect"
      data-testid="listbox-button"
      role="button"
      tabindex="0"
    >
      <span />
      <svg
        class="h-6 w-6"
        fill="none"
        stroke="currentColor"
        stroke-width="2"
        viewBox="0 0 24 24"
        xmlns="http://www.w3.org/2000/svg"
      >
        <path
          d="m19 9-7 7-7-7"
          stroke-linecap="round"
          stroke-linejoin="round"
        />
      </svg>
    </div>
  </div>
</div>
`;
